mode: set
/home/tashini/Golang/goproject/src/go_code/test/split/split.go:7.42,9.15 2 1
/home/tashini/Golang/goproject/src/go_code/test/split/split.go:14.2,15.8 2 1
/home/tashini/Golang/goproject/src/go_code/test/split/split.go:9.15,13.3 3 1
